

misc.s

   1  000000                    .code16
   2  000000  660fbdc0                  bsrl %eax,%eax
   3  000004  660fbcc0                  bsfl %eax,%eax
   4  000008  660fbdc8                  bsrl %eax,%ecx
   5  00000c  ffd0                      call *%ax
   6  00000e  ffe0                      jmp *%ax
   7  000010  ffe1                      jmp *%cx
   8  000012  ffe6                      jmp *%si
   9  000014  66ffd0                    call *%eax
  10  000017  66ffe0                    jmp *%eax
  11  00001a  66ffe1                    jmp *%ecx
  12  00001d  66ffe6                    jmp *%esi
  13  000020                    
  14  000020  98                	cbtw
  15  000021  99                	cwtd
  16  000022  6699              	cltd
  17  000024                    
  18  000024  f8                	clc
  19  000025  fc                	cld
  20  000026  fa                	cli
  21  000027  f5                	cmc
  22  000028  f4                	hlt
  23  000029  cf                	iret
  24  00002a                    
  25  00002a  aa                	stosb
  26  00002b  ab                	stosw
  27  00002c  66ab              	stosl
  28  00002e                    
  29  00002e  a4                	movsb
  30  00002f  a5                	movsw
  31  000030  66a5              	movsl
  32  000032                    
  33  000032  ae                	scasb
  34  000033  af                	scasw
  35  000034  66af              	scasl
  36  000036                    
  37  000036  ac                	lodsb
  38  000037  ad                	lodsw
  39  000038  66ad              	lodsl
  40  00003a                    
  41  00003a  a6                	cmpsb
  42  00003b  a7                	cmpsw
  43  00003c  66a7              	cmpsl
  44  00003e                    
  45  00003e  cd10              	int $0x10
  46  000040                    
  47  000040  e620              	outb %al, $0x20
  48  000042  ee                	outb %al, %dx
  49  000043                    
  50  000043  e720              	outw %ax, $0x20
  51  000045  ef                	outw %ax, %dx
  52  000046                    
  53  000046  66e720            	outl %eax, $0x20
  54  000049  66ef              	outl %eax, %dx
  55  00004b                    
  56  00004b  e420              	inb $0x20, %al
  57  00004d  ec                	inb %dx, %al
  58  00004e                    
  59  00004e  e520              	inw $0x20, %ax
  60  000050  ed                	inw %dx, %ax
  61  000051                    
  62  000051  66e520            	inl $0x20, %eax
  63  000054  66ed              	inl %dx, %eax
  64  000056                    
  65  000056                    .code32
  66  000056                    
  67  000056  37                	aaa
  68  000057  d50a              	aad
  69  000059  d512              	aad $0x12
  70  00005b  d40a              	aam
  71  00005d  d41f              	aam $0x1F
  72  00005f  3f                	aas
  73  000060  0fbdc0                    bsrl %eax,%eax
  74  000063  0fbcc0                    bsfl %eax,%eax
  75  000066  0fbdc8                    bsrl %eax,%ecx
  76  000069  ffd0                      call *%eax
  77  00006b  ffe0                      jmp *%eax
  78  00006d  ffe1                      jmp *%ecx
  79  00006f  ffe6                      jmp *%esi
  80  000071                    
  81  000071  6698              	cbtw
  82  000073  6699              	cwtd
  83  000075  99                	cltd
  84  000076  cf                	iret
  85  000077  0f05              	syscall
  86  000079  0f07              	sysret
  87  00007b                    
  88  00007b  aa                	stosb
  89  00007c  66ab              	stosw
  90  00007e  ab                	stosl
  91  00007f                    
  92  00007f  a4                	movsb
  93  000080  66a5              	movsw
  94  000082  a5                	movsl
  95  000083                    
  96  000083  ae                	scasb
  97  000084  66af              	scasw
  98  000086  af                	scasl
  99  000087                    
 100  000087  ac                	lodsb
 101  000088  66ad              	lodsw
 102  00008a  ad                	lodsl
 103  00008b                    
 104  00008b  a6                	cmpsb
 105  00008c  66a7              	cmpsw
 106  00008e  a7                	cmpsl
 107  00008f                    
 108  00008f  cd10              	int $0x10
 109  000091                    
 110  000091  e620              	outb %al, $0x20
 111  000093  ee                	outb %al, %dx
 112  000094                    
 113  000094  66e720            	outw %ax, $0x20
 114  000097  66ef              	outw %ax, %dx
 115  000099                    
 116  000099  e720              	outl %eax, $0x20
 117  00009b  ef                	outl %eax, %dx
 118  00009c                    
 119  00009c  e420              	inb $0x20, %al
 120  00009e  ec                	inb %dx, %al
 121  00009f                    
 122  00009f  66e520            	inw $0x20, %ax
 123  0000a2  66ed              	inw %dx, %ax
 124  0000a4                    
 125  0000a4  e520              	inl $0x20, %eax
 126  0000a6  ed                	inl %dx, %eax
 127  0000a7                    
 128  0000a7                    .code64
 129  0000a7                    
 130  0000a7  66410fbdf7                bsrw %r15w, %si
 131  0000ac  66440fbde2                bsrw %dx, %r12w
 132  0000b1  480fbdc0                  bsrq %rax,%rax
 133  0000b5  0fbdc0                    bsrl %eax,%eax
 134  0000b8  480fbcc0                  bsfq %rax,%rax
 135  0000bc  0fbcc0                    bsfl %eax,%eax
 136  0000bf  0fbd45fc                  bsrl -4(%rbp),%eax
 137  0000c3  480fbd5058                bsrq 88(%rax),%rdx
 138  0000c8  0fbdc8                    bsrl %eax,%ecx
 139  0000cb  0fbcc0                    bsfl %eax,%eax
 140  0000ce                    
 141  0000ce  41ffd4                    call *%r12
 142  0000d1  41ffd5                    call *%r13
 143  0000d4  ffd0                      call *%rax
 144  0000d6  ffe0                      jmp *%rax
 145  0000d8  ffe1                      jmp *%rcx
 146  0000da  41ffe5                    jmp *%r13
 147  0000dd  ffe6                      jmp *%rsi
 148  0000df                    
 149  0000df  6698              	cbtw
 150  0000e1  6699              	cwtd
 151  0000e3  99                	cltd
 152  0000e4  4899              	cqto
 153  0000e6                    
 154  0000e6  aa                	stosb
 155  0000e7  66ab              	stosw
 156  0000e9  ab                	stosl
 157  0000ea  48ab              	stosq
 158  0000ec                    
 159  0000ec  a4                	movsb
 160  0000ed  66a5              	movsw
 161  0000ef  a5                	movsl
 162  0000f0  48a5              	movsq
 163  0000f2                    
 164  0000f2  ae                	scasb
 165  0000f3  66af              	scasw
 166  0000f5  af                	scasl
 167  0000f6  48af              	scasq
 168  0000f8                    
 169  0000f8  ac                	lodsb
 170  0000f9  66ad              	lodsw
 171  0000fb  ad                	lodsl
 172  0000fc  48ad              	lodsq
 173  0000fe                    
 174  0000fe  a6                	cmpsb
 175  0000ff  66a7              	cmpsw
 176  000101  a7                	cmpsl
 177  000102  48a7              	cmpsq
 178  000104                    
 179  000104  cd10              	int $0x10
 180  000106                    
 181  000106  e620              	outb %al, $0x20
 182  000108  ee                	outb %al, %dx
 183  000109                    
 184  000109  66e720            	outw %ax, $0x20
 185  00010c  66ef              	outw %ax, %dx
 186  00010e                    
 187  00010e  e720              	outl %eax, $0x20
 188  000110  ef                	outl %eax, %dx
 189  000111                    
 190  000111  e420              	inb $0x20, %al
 191  000113  ec                	inb %dx, %al
 192  000114                    
 193  000114  66e520            	inw $0x20, %ax
 194  000117  66ed              	inw %dx, %ax
 195  000119                    
 196  000119  e520              	inl $0x20, %eax
 197  00011b  ed                	inl %dx, %eax
 198  00011c                    
